exports[`<AddSkillForm /> matches the stored snapshot 1`] = `
<div>
  <h1>
    Add Skill
  </h1>
  <Form
    bsClass="form"
    componentClass="form"
    horizontal={true}
    inline={false}
    onSubmit={[Function]}>
    <FormGroup
      bsClass="form-group"
      controlId="skillName">
      <Col
        bsClass="col"
        componentClass={[Function]}
        sm={2}>
        Name:
      </Col>
      <Col
        bsClass="col"
        componentClass="div"
        sm={10}>
        <FormControl
          bsClass="form-control"
          componentClass="input"
          name="skillName"
          onChange={[Function]} />
      </Col>
    </FormGroup>
    <FormGroup
      bsClass="form-group"
      controlId="skillType">
      <Col
        bsClass="col"
        componentClass={[Function]}
        sm={2}>
        Type:
      </Col>
      <Col
        bsClass="col"
        componentClass="div"
        sm={10}>
        <FormControl
          bsClass="form-control"
          componentClass="select"
          onChange={[Function]}>
          <option
            value="compiled">
            Programming Language (Compiled)
          </option>
          <option
            value="scripted">
            Programming Language (Scripted)
          </option>
          <option
            value="database">
            Database Language
          </option>
          <option
            value="orchestration">
            DevOps Tool
          </option>
        </FormControl>
      </Col>
    </FormGroup>
    <FormGroup
      bsClass="form-group">
      <Col
        bsClass="col"
        componentClass="div"
        sm={1}
        smOffset={2}>
        <Button
          active={false}
          block={false}
          bsClass="btn"
          bsStyle="primary"
          disabled={false}
          type="submit">
          Submit
        </Button>
      </Col>
      <Col
        bsClass="col"
        componentClass="div"
        sm={2}
        smOffset={1}>
        <Button
          active={false}
          block={false}
          bsClass="btn"
          bsStyle="info"
          disabled={false}
          onClick={undefined}>
          Cancel
        </Button>
      </Col>
    </FormGroup>
  </Form>
</div>
`;
