exports[`<AddTeamMemberForm /> matches the stored snapshot 1`] = `
<form
  onSubmit={[Function]}>
  <div>
    <label
      htmlFor="teamMemberName">
      Name:
    </label>
    <input
      id="teamMemberName"
      onChange={[Function]}
      type="text"
      value="" />
  </div>
  <div>
    <label
      htmlFor="teamMemberTitle">
      Title:
    </label>
    <input
      id="teamMemberTitle"
      onChange={[Function]}
      type="text"
      value="" />
  </div>
  <button
    type="submit">
    Save
  </button>
</form>
`;
