exports[`<ReviewPanel /> matches the stored snapshot 1`] = `
<Panel
  bsClass="panel"
  bsStyle="default"
  defaultExpanded={false}
  header="undefined on Invalid Date">
  <Row
    bsClass="row"
    componentClass="div">
    <Col
      bsClass="col"
      componentClass="div"
      sm={1}>
      <p
        style={
          Object {
            "color": "#DC143C",
          }
        }>
        -
      </p>
    </Col>
    <Col
      bsClass="col"
      componentClass="div" />
  </Row>
</Panel>
`;
