exports[`<Skills /> matches the stored snapshot 1`] = `
<div>
  <Row
    bsClass="row"
    componentClass="div">
    <Col
      bsClass="col"
      componentClass="div"
      md={4}
      xs={4}>
      <Select
        addLabelText="Add "{label}"?"
        arrowRenderer={[Function]}
        autosize={true}
        backspaceRemoves={true}
        backspaceToRemoveMessage="Press backspace to remove {label}"
        clearAllText="Clear all"
        clearRenderer={[Function]}
        clearValueText="Clear value"
        clearable={true}
        deleteRemoves={true}
        delimiter=","
        disabled={false}
        escapeClearsValue={true}
        filterOptions={[Function]}
        ignoreAccents={true}
        ignoreCase={true}
        inputProps={Object {}}
        isLoading={false}
        joinValues={false}
        labelKey="name"
        matchPos="any"
        matchProp="any"
        menuBuffer={0}
        menuRenderer={[Function]}
        multi={false}
        name="skills"
        noResultsText="No results found"
        onBlurResetsInput={true}
        onChange={[Function]}
        onCloseResetsInput={true}
        openAfterFocus={false}
        optionComponent={[Function]}
        options={Array []}
        pageSize={5}
        placeholder="Select..."
        required={false}
        scrollMenuIntoView={true}
        searchable={true}
        simpleValue={false}
        tabSelectsValue={true}
        value=""
        valueComponent={[Function]}
        valueKey="value" />
    </Col>
    <WithLogin>
      <Button
        active={false}
        block={false}
        bsClass="btn"
        bsStyle="primary"
        disabled={false}
        name="AddSkill"
        onClick={[Function]}>
        Add Skill
      </Button>
    </WithLogin>
    <SkillModalContainer
      closeModalCallback={[Function]}
      displayedModalType=""
      formProps={Object {}}
      isModalDisplayed={false} />
  </Row>
</div>
`;
