exports[`<Skills /> matches the stored snapshot 1`] = `
<div>
  <Row
    bsClass="row"
    componentClass="div">
    <Col
      bsClass="col"
      componentClass="div"
      md={4}
      xs={4}>
      <FormControl
        bsClass="form-control"
        componentClass="select"
        name="skills"
        onChange={[Function]}>
        <option
          disabled={true}
          selected={true}>
          Select A Skill...
        </option>
      </FormControl>
    </Col>
    <WithLogin>
      <Button
        active={false}
        block={false}
        bsClass="btn"
        bsStyle="primary"
        disabled={false}
        name="AddSkill"
        onClick={[Function]}>
        Add Skill
      </Button>
    </WithLogin>
    <SkillModalContainer
      closeModalCallback={[Function]}
      displayedModalType=""
      formProps={Object {}}
      isModalDisplayed={false} />
  </Row>
</div>
`;
